id,name
1,1つ目のチャンネル
2,2つ目のチャンネル
3,既にDBに2件のチャンネルが存在する